xxxxxxxxxxxxxxxxxxxxxxxxxxxxxxxxxxxxxxxxxxxxxxxxxxxxxxxxxxxxxxxxxxxxxxxxxxxxxxxx
x             x         x                     x               x                x
x             x                                               x                x
x      k  p   x         x                     x                           xxx  x
xd    xxxxxx     xxxxxxxxxxxxxxxxxx      xxxxxxxxxx           x           x    x
xxxxxxx    xxxxxxx                xxxxxxxx        xxxxxxxxxxxxxxxxxxxxxxxxx xxxx
x                x                                                      x      x
x$               x                                                      x      x
xxxxx            xx$xxxxxxxxxxx             xxxxxxxxxxxx                x      x
x                 xxx         xxxx          xx         xx               x      x
x                                xxxxx       x          xxxxxxxxx       xx     x
x                                    xx      x                  xxx     xxxx   x
x                     xxxxxxxx        xx    xx                    xxx  xx      x
x                            x         xx xxx   xxxxxxxx                       x
x                            x          xxx     xx     xx                      x
x               xxxxx        x                          xxxxxxxxxxxxxxxxxxxxxxxx
x                            x                                                 x
x                            x                                                 x
x         xxxxx              x                                                 x
x                            x                                                 x
xxxx                         x                                                 x
x                            x                                                 x
x   x                        x$        $        $         $                    x
x $ x                        x                                                 x
xxxxxxxxxxxxxxxxxxxxxxxxxxxxxx   xxxx     xxxx     xxxxx      xxxxxxxxxxxxxxxxxx