xxxxxxxxxxxxxxxxxxxxxxxxxxxxxxxxxxxxxxxxxxxxxxxxxxxxxxxxxxxxxxxxxxxxxxxxxxxxxxxx
x                                      xx                                      x
x                                     xxxx                                     x
x  $                                 xxxxxx                                 $  x
x                                    xxxxxx                                    x
x         xxxxxx                    xxxxxxxx                    xxxxxx         x
x         xxxxxx                    xxxxxxxx                    xxxxxx         x
x         xxxxxx                    xxxxxxxx                    xxxxxx         x
x         xxxxxx          $xxxxxxxxxxxxxxxxxxxxxxxxxx$          xxxxxx         x
x         xxxxxx          xxxxxxxxxxxxxxxxxxxxxxxxxxxx          xxxxxx         x
x         xxxxxx          xxxxxxxxxxxxxxxxxxxxxxxxxxxx          xxxxxx         x
x         xxxxxx           xxxxxxxxxxxx  xxxxxxxxxxxx           xxxxxx         x
x         xxxxxx            xxxxxxxxx      xxxxxxxxx            xxxxxx         x
x         xxxxxx             xxxxxxxxx    xxxxxxxxx             xxxxxx         x
x         xxxxxx               xxxxxxx xx xxxxxxx               xxxxxx         x
x         xxxxxx                xxxxxxxxxxxxxxxx                xxxxxx         x
x         xxxxxx                xxxxxxxxxxxxxxxx                xxxxxx         x
x         xxxxxx               xxxxxxxxxxxxxxxxxx               xxxxxx         x
x         xxxxxx               xxxxxxxxxxxxxxxxxx               xxxxxx         x
x         xxxxxx               xxxxxxxxxxxxxxxxxx               xxxxxx         x
x         xxxxxx              xxxxxxxx    xxxxxxxx      xx      xxxxxx         x
x         xxxxxx               xxxxx        xxxxx               xxxxxx       k x
x         xxxxxx$               xxx           xxx              $xxxxxx         x
x         xxxxxx                                                xxxxxx       pdx
xxx       xxxxxx               xxxxxx  xxx  xxxxxx              xxxxxx       xxx