xxxxxxxxxxxxxxxxxxxxxxxxxxxxxxxxxxxxxxxxxxxxxxxxxxxxxxxxxxxxxxxxxxxxxxxxxxxxxxxx
x  x        x  x  x  x     x  x  x  x  x  x  x  x  x  x  x  x  x  x  x  x      x
xd    k  p     x        x  x  x  x  x  x  x  x        x  x     x     x         x
xx   xxxxxx x xxxxxxxxxxx xxx        xxxxxxxx xxxxxxxx x  xxxxxx xxx  xxxx xxxxx
x  x  x  x  x  x  x  x        x  x     x  x  x  x  x  x  x  x     x     x  x   x
x  x  x  x  x  x  x  x     x  x  x        x  x  x  x  x  x        x  x  x  x   x
x xxxx xxxx x xxxxxxxxxx x   x   xxxxxxxx   xxxxx xx xxx xx   xx xxxxx xxx xx xx
x     x  x  x  x  x  x              x  x  x     x  x  x  x  x  x  x  x  x  x   x
x  x  x     x  x           x  x           x     x  x  x  x  x  x     x     x   x
x xxxxxx x xxxxx xxxxxxxxxxxxx   xxxx   xx   xxx  xxxxxxxxxxxxx     xxxxxxxxx xx
x  x  x  x  x  x     x  x  x     x  x        x  x     x  x     x     x  x  x   x
x     x  x  x     x  x  x  x  x  x  x  x        x           x     x     x  x   x
x xxxxxx  xxxxx  xxx  xxxxxxx x  xxxxxxx  xx      xxx          xxxxxxxx xx xx xx
x  x  x           x  x        x  x  x     x  x       x  xx  x  x  x  x  x  x   x
x  x  x        x  x  x        x           x  x  x        x  x  x        x      x
xxx xx xxxxxx  xx xx xxx xxxxxx  xxxxx xxxxxxxx   xxxxx  xxxxxxx xxxxxx xxxxxx x
x     x  x           x     x  x  x  x  x  x     x  x  x  x  x  x  x  x  x  x   x
x                          x  x  x     x  x  x  x  x  x  x  x  x  x  x     x   x
xxxxxxxxxxx xxxxxxxxxxxxxxx xxx  xxx xxx   xxxxxxxxxxxxxxxxxxxxxx xxxxxxxxxxx xx
x     x  x  x  x  x     x     x  x        x  x  x  x  x  x     x     x     x   x
x                 x              x        x  x  x  x  x     x  x               x
xx xxxxxxxx xxxx x xxxxxxxx xxx xxx   xxxxxxx xxx x  xx xxxxxxx xxxxxxxx xxxx xx
x  x  x  x  x     x  x  x  x  x  x  x  x  x  x  x  x  x  x  x  x  x  x  x  x   x
x$    x  x  x  x  x  x  x  x  x  x  x  x           x  x  x  x  x               x
xxxxxxxxxxxxxxxxxxxxxxxxxxxxxxxxxxxxxxxxxxxxxxxxxxxxxxxxxxxxxxxxxxxxxxxxxxxxxxxx