xxxxxxxxxxxxxxxxxxxxxxxxxxxxxxxxxxxxxxxxxxxxxxxxxxxxxxxxxxxxxxxxxxxxxxxxxxxxxxxx
x                      x   x   x   x   x   x   x $ x                           x
x                      x   x   x   x   x   x   x   x                           x
x$                     x   x   x   x   x   x   x   x                           x
xxxxxx                 x   x   x   x   x   x   x   x                           x
x                      x   x   x   x   x   x   x   x                      $    x
x                      x   x   x   x   x   x   x   x                           x
x                      x   x   x   x   x   x   x   x                           x
x                                                                              x
x                                                            xx                x
x           xx                                              xxxx               x
x          xxxx                                            xxxxxx              x
x         xxxxxx                                          xxxxxxxx             x
x        xxxxxxxx          $                              xxxxxxxx             x
x        xxxxxxxx                                        xxxxxxxxxx            x
x       xxxxxxxxxx                                      xxxxxxxxxxxx           x
x      xxxxxxxxxxxx                                     xxxxxxxxxxxx           x
x      xxxxxxxxxxxx                                    xxxxxxxxxxxxxx          x
x     xxxxxxxxxxxxxx                                   xxxxxxxxxxxxxxx         x
x     xxxxxxxxxxxxxxx                                 xxxxxxxxxxxxxxxx         x
x    xxxxxxxxxxxxxxxx                                xxxxxxxxxxxxxxxxxx        x
x   xxxxxxxxxxxxxxxxxx                               xxxxxxxxxxxxxxxxxx        x
x   xxxxxxxxxxxxxxxxxx                               xxxxxxxxxxxxxxxxxx        x
x   xxxxxxxxxxxxxxxxxx$                             xxxxxxxxxxxxxxxxxxxx p k  dx
xxxxxxxxxxxxxxxxxxxxxxx                             xxxxxxxxxxxxxxxxxxxxxxxxxxxx