xxxxxxxxxxxxxxxxxxxxxxxxxxxxxxxxxxxxxxxxxxxxxxxxxxxxxxxxxxxxxxxxxxxxxxxxxxxxxxxx
d            $          x                                     x                x
x                       x                                     x                x
x                       x                                     x                x
x                       x        x         x                  x                x
x                       x        x         x                  x                x
x                       x        x         x                  x      x         x
x                                xxxxxxxxxxx                  x      x         x
x                                                             x      x         x
x                                                    xxxxx    x      x         x
x                                                                    x         x
x                                                                    x         x
x                                                                    x         x
x                                     $                              x         x
x                                                                    x         x
x       xxxxxxx                                                                x
x                                                                              x
x                 $                                                            x
x                                                                              x
xxxxxxx                                                                   xxxxxx
x                                                                    $    xxxxxx
x                                                                    $    xxxxxx
x k                               p                                  $    xxxxxx
xxxxxxxxxxxxxxx              xxxxxxxxxxxxxxxxxxxxxx      xx      xx  $    xxxxxx
xxxxxxxxxxxxxxx$             xxxxxxxxxxxxxxxxxxxxxx      xx      xx       xxxxxx