xxxxxxxxxxxxxxxxxxxxxxxxxxxxxxxxxxxxxxxxxxxxxxxxxxxxxxxxxxxxxxxxxxxxxxxxxxxxxxxx
x                                                                              x
x                                                                             $x
x                                                                              x
x                                           k                                  x
x                               $                                             xx
x                                                                              x
x                     $                     x                                  x
x       $                                                   $                  x
x                                                                              x
x                                                                              x
x                                                                              x
x                               x                                              x
x                     x                                                        x
x                                           x                                  x
x       x                                                                      x
x                                                                              x
x                                                                              x
x                                                           x                  x
x                                                                              x
x                                                                              x
x                                                                              x
x                                                                              x
xp                                                                            dx
xx x x x x x x x x x x x x x x x x x x x x x x x x x x x x x x x x x x x x x xxx