xxxxx                                                                       xxxx
x                                                                              x
x                                                                              x
x                                                                              x
x     xxxx   xx      xx  xxxxxx       xx    xx    xx              xx      xx    
     xx  xx  xx      xx  xx   xx      xx    xx    xx              xx      xx    
    xx    x  xxx    xxx  xx    xx     xx    xx    xx              xx      xx    
    xx       xxx    xxx  xx    xx      xx  xxxx  xx   xxxx   xxxx xx   xxxxx    
    xx       xxxx  xxxx  xx    xx      xx  xxxx  xx  xx  xx  xxx  xx  xx  xx    
    xx       xxxx  xxxx  xx    xx       xx x  x xx   xx  xx  xx   xx  xx  xx    
    xx       xx xxxx xx  xx    xx       xxxx  xxxx   xx  xx  xx   xx  xx  xx    
    xx    x  xx xxxx xx  xx    xx        xx    xx    xx  xx  xx   xx  xx  xx    
     xx  xx  xx  xx  xx  xx   xx         xx    xx    xx  xx  xx   xx  xx  xx    
      xxxx   xx  xx  xx  xxxxxx          xx    xx     xxxx   xx   xx   xxxxx    
                                                                                
                                                                                
                                                                                
                                                                                
                                                                                
                                                                                
                                                                               x
x                                xxxxxxxxxxxxx                                 x
x                                                                              x
x                                                                              x
xxxx                                                                       xxxxx